2025-07-08 13:57:58 INFO [electron]   "init store"
2025-07-08 13:57:58 INFO [electron]   "init request"
2025-07-08 13:57:58 INFO [electron]   "init i18n"
2025-07-08 13:57:58 INFO [electron]   {"updater":{"downloadUrl":"https://appest-public.s3.amazonaws.com/download/linux/","delay":2000,"interval":600000},"apk_version":"6.0.21","product_mode":true,"package_mode":false,"is_cn_site":false,"cdn_domain":"d107mjio2rjf74.cloudfront.net/web","site_domain":"ticktick.com","ex_api_domain":"ext.ticktick.com","api_domain":"api.ticktick.com","cookie_domain":".ticktick.com","protocol":"https://","help_domain":"help.ticktick.com","support_api_domain":"ticket.ticktick.com","deploy_path":"/task/src/main/webapp/static/deploy","version":"6020"}
2025-07-08 13:57:58 INFO [electron]   "timezone Europe/Istanbul"
2025-07-08 13:57:58 INFO [electron]   "date -180"
2025-07-08 13:57:58 INFO [electron]   {"platform":"electron","os":"linux","device":"Linux x64","name":"attia-arch","version":"6020","id":"67924d828728c1f735f85e55","channel":"website","campaign":"","websocket":""}
2025-07-08 13:57:58 INFO [electron]   "init main window"
2025-07-08 13:57:58 INFO [electron]   "init"
2025-07-08 13:57:58 INFO [electron]   "init menu"
2025-07-08 13:57:58 INFO [electron]   "init update service"
2025-07-08 13:57:58 INFO [electron]   "init notification"
2025-07-08 13:57:58 INFO [electron]   "init tray"
2025-07-08 13:57:58 INFO [electron]   "fetch get begin https://api.ticktick.com/api/v2/user/profile"
2025-07-08 13:57:58 INFO [electron]   "token 154BB8FE914467834833F2946151BC5899BA9265B20A654BECDAB01CFC34E1F106FFEB3EAA17B47D877A2C7890FF86E495935662DEB42823E988009E95A465F14207CACBFEA695CD8B52C6382DF7ACAB31A9E6921BFA9EC334C2F01754B953B682BEE463B1431075BC4DD36207DCA5A831A9E6921BFA9EC37CC4E0CF38B5EB97A14E5E9964C14A90411CBDA96F33E524D9C892BB8ADB630CE42110FF0DCC711701D4F1AC4449A92A441259BAE0414AF2"
2025-07-08 13:57:58 INFO [electron]   "token 154BB8FE914467834833F2946151BC5899BA9265B20A654BECDAB01CFC34E1F106FFEB3EAA17B47D877A2C7890FF86E495935662DEB42823E988009E95A465F14207CACBFEA695CD8B52C6382DF7ACAB31A9E6921BFA9EC334C2F01754B953B682BEE463B1431075BC4DD36207DCA5A831A9E6921BFA9EC37CC4E0CF38B5EB97A14E5E9964C14A90411CBDA96F33E524D9C892BB8ADB630CE42110FF0DCC711701D4F1AC4449A92A441259BAE0414AF2"
2025-07-08 13:57:58 INFO [electron]   "launchLogin main"
2025-07-08 13:57:58 INFO [electron]   "fetch get begin https://api.ticktick.com/api/v2/user/status"
2025-07-08 13:57:58 INFO [electron]   "token 154BB8FE914467834833F2946151BC5899BA9265B20A654BECDAB01CFC34E1F106FFEB3EAA17B47D877A2C7890FF86E495935662DEB42823E988009E95A465F14207CACBFEA695CD8B52C6382DF7ACAB31A9E6921BFA9EC334C2F01754B953B682BEE463B1431075BC4DD36207DCA5A831A9E6921BFA9EC37CC4E0CF38B5EB97A14E5E9964C14A90411CBDA96F33E524D9C892BB8ADB630CE42110FF0DCC711701D4F1AC4449A92A441259BAE0414AF2"
2025-07-08 13:57:58 INFO [electron]   "get error https://api.ticktick.com/api/v2/user/profile"
2025-07-08 13:57:58 INFO [electron]   {"id":"67924d828728c1f735f85e55","platform":"electron","ver":"6020","channel":"website","os":"linux","osv":"","device":"Linux x64","name":"attia-arch","campaign":"","websocket":"","ctime":"2025-07-08T10:57:58.000+0000","atime":"2025-07-08T10:57:58.000+0000","userCode":"","hl":"en_US","tz":"Europe/Istanbul","locale":"en-US"}
2025-07-08 13:57:58 INFO [electron]   "fetch post begin https://xapi.ticktick.com/datacollect/event/push"
2025-07-08 13:57:58 INFO [electron]   "token 154BB8FE914467834833F2946151BC5899BA9265B20A654BECDAB01CFC34E1F106FFEB3EAA17B47D877A2C7890FF86E495935662DEB42823E988009E95A465F14207CACBFEA695CD8B52C6382DF7ACAB31A9E6921BFA9EC334C2F01754B953B682BEE463B1431075BC4DD36207DCA5A831A9E6921BFA9EC37CC4E0CF38B5EB97A14E5E9964C14A90411CBDA96F33E524D9C892BB8ADB630CE42110FF0DCC711701D4F1AC4449A92A441259BAE0414AF2"
2025-07-08 13:57:58 INFO [electron]   "get error https://api.ticktick.com/api/v2/user/status"
2025-07-08 13:57:58 INFO [electron]   "post error https://xapi.ticktick.com/datacollect/event/push"
2025-07-08 13:57:59 INFO [electron]   "globalUser {\"inboxId\":\"inbox125271920\",\"username\":\"mohamedattia.dev@gmail.com\",\"pro\":false,\"teamUser\":false,\"ds\":false,\"proEndDate\":\"1970-01-01T00:00:00.000+0000\",\"userId\":\"125271920\"}"
2025-07-08 13:57:59 INFO [electron]   "locale en_US"
2025-07-08 13:58:02 INFO [electron]   "main-dom-ready"
2025-07-08 18:58:54 INFO [electron]   "init store"
2025-07-08 18:58:54 INFO [electron]   "init request"
2025-07-08 18:58:54 INFO [electron]   "init i18n"
2025-07-08 18:58:54 INFO [electron]   {"updater":{"downloadUrl":"https://appest-public.s3.amazonaws.com/download/linux/","delay":2000,"interval":600000},"apk_version":"6.0.21","product_mode":true,"package_mode":false,"is_cn_site":false,"cdn_domain":"d107mjio2rjf74.cloudfront.net/web","site_domain":"ticktick.com","ex_api_domain":"ext.ticktick.com","api_domain":"api.ticktick.com","cookie_domain":".ticktick.com","protocol":"https://","help_domain":"help.ticktick.com","support_api_domain":"ticket.ticktick.com","deploy_path":"/task/src/main/webapp/static/deploy","version":"6020"}
2025-07-08 18:58:54 INFO [electron]   "timezone Europe/Istanbul"
2025-07-08 18:58:54 INFO [electron]   "date -180"
2025-07-08 18:58:54 INFO [electron]   {"platform":"electron","os":"linux","device":"Linux x64","name":"attia-arch","version":"6020","id":"67924d828728c1f735f85e55","channel":"website","campaign":"","websocket":""}
2025-07-08 18:58:54 INFO [electron]   "init main window"
2025-07-08 18:58:54 INFO [electron]   "init"
2025-07-08 18:58:54 INFO [electron]   "init menu"
2025-07-08 18:58:54 INFO [electron]   "init update service"
2025-07-08 18:58:54 INFO [electron]   "init notification"
2025-07-08 18:58:54 INFO [electron]   "init tray"
2025-07-08 18:58:54 INFO [electron]   "fetch get begin https://api.ticktick.com/api/v2/user/profile"
2025-07-08 18:58:54 INFO [electron]   "token 154BB8FE914467834833F2946151BC5899BA9265B20A654BECDAB01CFC34E1F106FFEB3EAA17B47D877A2C7890FF86E495935662DEB42823E988009E95A465F14207CACBFEA695CD8B52C6382DF7ACAB31A9E6921BFA9EC334C2F01754B953B682BEE463B1431075BC4DD36207DCA5A831A9E6921BFA9EC37CC4E0CF38B5EB97A14E5E9964C14A90411CBDA96F33E524D9C892BB8ADB630CE42110FF0DCC711701D4F1AC4449A92A441259BAE0414AF2"
2025-07-08 18:58:54 INFO [electron]   "token 154BB8FE914467834833F2946151BC5899BA9265B20A654BECDAB01CFC34E1F106FFEB3EAA17B47D877A2C7890FF86E495935662DEB42823E988009E95A465F14207CACBFEA695CD8B52C6382DF7ACAB31A9E6921BFA9EC334C2F01754B953B682BEE463B1431075BC4DD36207DCA5A831A9E6921BFA9EC37CC4E0CF38B5EB97A14E5E9964C14A90411CBDA96F33E524D9C892BB8ADB630CE42110FF0DCC711701D4F1AC4449A92A441259BAE0414AF2"
2025-07-08 18:58:55 INFO [electron]   "launchLogin main"
2025-07-08 18:58:55 INFO [electron]   "fetch get begin https://api.ticktick.com/api/v2/user/status"
2025-07-08 18:58:55 INFO [electron]   "token 154BB8FE914467834833F2946151BC5899BA9265B20A654BECDAB01CFC34E1F106FFEB3EAA17B47D877A2C7890FF86E495935662DEB42823E988009E95A465F14207CACBFEA695CD8B52C6382DF7ACAB31A9E6921BFA9EC334C2F01754B953B682BEE463B1431075BC4DD36207DCA5A831A9E6921BFA9EC37CC4E0CF38B5EB97A14E5E9964C14A90411CBDA96F33E524D9C892BB8ADB630CE42110FF0DCC711701D4F1AC4449A92A441259BAE0414AF2"
2025-07-08 18:58:55 INFO [electron]   "globalUser {\"inboxId\":\"inbox125271920\",\"username\":\"mohamedattia.dev@gmail.com\",\"pro\":false,\"teamUser\":false,\"ds\":false,\"proEndDate\":\"1970-01-01T00:00:00.000+0000\",\"userId\":\"125271920\"}"
2025-07-08 18:58:55 INFO [electron]   "locale en_US"
2025-07-08 18:58:56 INFO [electron]   "update userInfo {\"inboxId\":\"inbox125271920\",\"username\":\"mohamedattia.dev@gmail.com\",\"pro\":false,\"teamUser\":false,\"ds\":false,\"proEndDate\":\"1970-01-01T00:00:00.000+0000\",\"userId\":\"125271920\"}"
2025-07-08 18:58:56 INFO [electron]   {"id":"67924d828728c1f735f85e55","platform":"electron","ver":"6020","channel":"website","os":"linux","osv":"","device":"Linux x64","name":"attia-arch","campaign":"","websocket":"","ctime":"2025-07-08T15:58:54.000+0000","atime":"2025-07-08T15:58:54.000+0000","userCode":"b0e5b9ad9cbf45b8a109510a2bc7a518","hl":"en_US","tz":"Europe/Istanbul","locale":"en-US"}
2025-07-08 18:58:56 INFO [electron]   "fetch post begin https://xapi.ticktick.com/datacollect/event/push"
2025-07-08 18:58:56 INFO [electron]   "token 154BB8FE914467834833F2946151BC5899BA9265B20A654BECDAB01CFC34E1F106FFEB3EAA17B47D877A2C7890FF86E495935662DEB42823E988009E95A465F14207CACBFEA695CD8B52C6382DF7ACAB31A9E6921BFA9EC334C2F01754B953B682BEE463B1431075BC4DD36207DCA5A831A9E6921BFA9EC37CC4E0CF38B5EB97A14E5E9964C14A90411CBDA96F33E524D9C892BB8ADB630CE42110FF0DCC711701D4F1AC4449A92A441259BAE0414AF2"
2025-07-08 18:58:56 INFO [electron]   "get end https://api.ticktick.com/api/v2/user/status"
2025-07-08 18:58:56 INFO [electron]   "get end https://api.ticktick.com/api/v2/user/profile"
2025-07-08 18:58:58 INFO [electron]   "post end https://xapi.ticktick.com/datacollect/event/push"
2025-07-08 18:59:00 INFO [electron]   "main-dom-ready"
2025-07-08 18:59:03 INFO [electron]   "update check"
2025-07-08 18:59:03 INFO [electron]   "fetch getFile begin https://pull.ticktick.com/linux/release_note.json?timeStamp=1751990343033"
2025-07-08 18:59:03 INFO [electron]   "getFile end https://pull.ticktick.com/linux/release_note.json?timeStamp=1751990343033"
2025-07-08 19:01:00 INFO [electron]   "init store"
2025-07-08 19:01:01 INFO [electron]   "init request"
2025-07-08 19:01:01 INFO [electron]   "init i18n"
2025-07-08 19:01:01 INFO [electron]   {"updater":{"downloadUrl":"https://appest-public.s3.amazonaws.com/download/linux/","delay":2000,"interval":600000},"apk_version":"6.0.21","product_mode":true,"package_mode":false,"is_cn_site":false,"cdn_domain":"d107mjio2rjf74.cloudfront.net/web","site_domain":"ticktick.com","ex_api_domain":"ext.ticktick.com","api_domain":"api.ticktick.com","cookie_domain":".ticktick.com","protocol":"https://","help_domain":"help.ticktick.com","support_api_domain":"ticket.ticktick.com","deploy_path":"/task/src/main/webapp/static/deploy","version":"6020"}
2025-07-08 19:01:01 INFO [electron]   "timezone Europe/Istanbul"
2025-07-08 19:01:01 INFO [electron]   "date -180"
2025-07-08 19:01:01 INFO [electron]   {"platform":"electron","os":"linux","device":"Linux x64","name":"attia-arch","version":"6020","id":"67924d828728c1f735f85e55","channel":"website","campaign":"","websocket":""}
2025-07-08 19:01:01 INFO [electron]   "init main window"
2025-07-08 19:01:01 INFO [electron]   "init"
2025-07-08 19:01:01 INFO [electron]   "init menu"
2025-07-08 19:01:01 INFO [electron]   "init update service"
2025-07-08 19:01:01 INFO [electron]   "init notification"
2025-07-08 19:01:01 INFO [electron]   "init tray"
2025-07-08 19:01:01 INFO [electron]   "fetch get begin https://api.ticktick.com/api/v2/user/profile"
2025-07-08 19:01:01 INFO [electron]   "token 154BB8FE914467834833F2946151BC5899BA9265B20A654BECDAB01CFC34E1F106FFEB3EAA17B47D877A2C7890FF86E495935662DEB42823E988009E95A465F14207CACBFEA695CD8B52C6382DF7ACAB31A9E6921BFA9EC334C2F01754B953B682BEE463B1431075BC4DD36207DCA5A831A9E6921BFA9EC37CC4E0CF38B5EB97A14E5E9964C14A90411CBDA96F33E524D9C892BB8ADB630CE42110FF0DCC711701D4F1AC4449A92A441259BAE0414AF2"
2025-07-08 19:01:01 INFO [electron]   "token 154BB8FE914467834833F2946151BC5899BA9265B20A654BECDAB01CFC34E1F106FFEB3EAA17B47D877A2C7890FF86E495935662DEB42823E988009E95A465F14207CACBFEA695CD8B52C6382DF7ACAB31A9E6921BFA9EC334C2F01754B953B682BEE463B1431075BC4DD36207DCA5A831A9E6921BFA9EC37CC4E0CF38B5EB97A14E5E9964C14A90411CBDA96F33E524D9C892BB8ADB630CE42110FF0DCC711701D4F1AC4449A92A441259BAE0414AF2"
2025-07-08 19:01:01 INFO [electron]   "launchLogin main"
2025-07-08 19:01:01 INFO [electron]   "fetch get begin https://api.ticktick.com/api/v2/user/status"
2025-07-08 19:01:01 INFO [electron]   "token 154BB8FE914467834833F2946151BC5899BA9265B20A654BECDAB01CFC34E1F106FFEB3EAA17B47D877A2C7890FF86E495935662DEB42823E988009E95A465F14207CACBFEA695CD8B52C6382DF7ACAB31A9E6921BFA9EC334C2F01754B953B682BEE463B1431075BC4DD36207DCA5A831A9E6921BFA9EC37CC4E0CF38B5EB97A14E5E9964C14A90411CBDA96F33E524D9C892BB8ADB630CE42110FF0DCC711701D4F1AC4449A92A441259BAE0414AF2"
2025-07-08 19:01:02 INFO [electron]   "globalUser {\"inboxId\":\"inbox125271920\",\"username\":\"mohamedattia.dev@gmail.com\",\"pro\":false,\"teamUser\":false,\"ds\":false,\"proEndDate\":\"1970-01-01T00:00:00.000+0000\",\"userId\":\"125271920\"}"
2025-07-08 19:01:02 INFO [electron]   "locale en_US"
2025-07-08 19:01:03 INFO [electron]   {"id":"67924d828728c1f735f85e55","platform":"electron","ver":"6020","channel":"website","os":"linux","osv":"","device":"Linux x64","name":"attia-arch","campaign":"","websocket":"","ctime":"2025-07-08T16:01:01.000+0000","atime":"2025-07-08T16:01:01.000+0000","userCode":"b0e5b9ad9cbf45b8a109510a2bc7a518","hl":"en_US","tz":"Europe/Istanbul","locale":"en-US"}
2025-07-08 19:01:03 INFO [electron]   "fetch post begin https://xapi.ticktick.com/datacollect/event/push"
2025-07-08 19:01:03 INFO [electron]   "token 154BB8FE914467834833F2946151BC5899BA9265B20A654BECDAB01CFC34E1F106FFEB3EAA17B47D877A2C7890FF86E495935662DEB42823E988009E95A465F14207CACBFEA695CD8B52C6382DF7ACAB31A9E6921BFA9EC334C2F01754B953B682BEE463B1431075BC4DD36207DCA5A831A9E6921BFA9EC37CC4E0CF38B5EB97A14E5E9964C14A90411CBDA96F33E524D9C892BB8ADB630CE42110FF0DCC711701D4F1AC4449A92A441259BAE0414AF2"
2025-07-08 19:01:03 INFO [electron]   "get end https://api.ticktick.com/api/v2/user/profile"
2025-07-08 19:01:03 INFO [electron]   "update userInfo {\"inboxId\":\"inbox125271920\",\"username\":\"mohamedattia.dev@gmail.com\",\"pro\":false,\"teamUser\":false,\"ds\":false,\"proEndDate\":\"1970-01-01T00:00:00.000+0000\",\"userId\":\"125271920\"}"
2025-07-08 19:01:03 INFO [electron]   "get end https://api.ticktick.com/api/v2/user/status"
2025-07-08 19:01:05 INFO [electron]   "post end https://xapi.ticktick.com/datacollect/event/push"
2025-07-08 19:01:07 INFO [electron]   "main-dom-ready"
2025-07-08 19:01:10 INFO [electron]   "update check"
2025-07-08 19:01:10 INFO [electron]   "fetch getFile begin https://pull.ticktick.com/linux/release_note.json?timeStamp=1751990470399"
2025-07-08 19:01:11 INFO [electron]   "getFile end https://pull.ticktick.com/linux/release_note.json?timeStamp=1751990470399"
2025-07-08 19:16:50 INFO [electron]   "init store"
2025-07-08 19:16:50 INFO [electron]   "init request"
2025-07-08 19:16:50 INFO [electron]   "init i18n"
2025-07-08 19:16:50 INFO [electron]   {"updater":{"downloadUrl":"https://appest-public.s3.amazonaws.com/download/linux/","delay":2000,"interval":600000},"apk_version":"6.0.21","product_mode":true,"package_mode":false,"is_cn_site":false,"cdn_domain":"d107mjio2rjf74.cloudfront.net/web","site_domain":"ticktick.com","ex_api_domain":"ext.ticktick.com","api_domain":"api.ticktick.com","cookie_domain":".ticktick.com","protocol":"https://","help_domain":"help.ticktick.com","support_api_domain":"ticket.ticktick.com","deploy_path":"/task/src/main/webapp/static/deploy","version":"6020"}
2025-07-08 19:16:50 INFO [electron]   "timezone Europe/Istanbul"
2025-07-08 19:16:50 INFO [electron]   "date -180"
2025-07-08 19:16:50 INFO [electron]   {"platform":"electron","os":"linux","device":"Linux x64","name":"attia-arch","version":"6020","id":"67924d828728c1f735f85e55","channel":"website","campaign":"","websocket":""}
2025-07-08 19:16:51 INFO [electron]   "init main window"
2025-07-08 19:16:51 INFO [electron]   "init"
2025-07-08 19:16:51 INFO [electron]   "init menu"
2025-07-08 19:16:51 INFO [electron]   "init update service"
2025-07-08 19:16:51 INFO [electron]   "init notification"
2025-07-08 19:16:51 INFO [electron]   "init tray"
2025-07-08 19:16:51 INFO [electron]   "fetch get begin https://api.ticktick.com/api/v2/user/profile"
2025-07-08 19:16:51 INFO [electron]   "token 154BB8FE914467834833F2946151BC5899BA9265B20A654BECDAB01CFC34E1F106FFEB3EAA17B47D877A2C7890FF86E495935662DEB42823E988009E95A465F14207CACBFEA695CD8B52C6382DF7ACAB31A9E6921BFA9EC334C2F01754B953B682BEE463B1431075BC4DD36207DCA5A831A9E6921BFA9EC37CC4E0CF38B5EB97A14E5E9964C14A90411CBDA96F33E524D9C892BB8ADB630CE42110FF0DCC711701D4F1AC4449A92A441259BAE0414AF2"
2025-07-08 19:16:51 INFO [electron]   "token 154BB8FE914467834833F2946151BC5899BA9265B20A654BECDAB01CFC34E1F106FFEB3EAA17B47D877A2C7890FF86E495935662DEB42823E988009E95A465F14207CACBFEA695CD8B52C6382DF7ACAB31A9E6921BFA9EC334C2F01754B953B682BEE463B1431075BC4DD36207DCA5A831A9E6921BFA9EC37CC4E0CF38B5EB97A14E5E9964C14A90411CBDA96F33E524D9C892BB8ADB630CE42110FF0DCC711701D4F1AC4449A92A441259BAE0414AF2"
2025-07-08 19:16:51 INFO [electron]   "launchLogin main"
2025-07-08 19:16:51 INFO [electron]   "fetch get begin https://api.ticktick.com/api/v2/user/status"
2025-07-08 19:16:51 INFO [electron]   "token 154BB8FE914467834833F2946151BC5899BA9265B20A654BECDAB01CFC34E1F106FFEB3EAA17B47D877A2C7890FF86E495935662DEB42823E988009E95A465F14207CACBFEA695CD8B52C6382DF7ACAB31A9E6921BFA9EC334C2F01754B953B682BEE463B1431075BC4DD36207DCA5A831A9E6921BFA9EC37CC4E0CF38B5EB97A14E5E9964C14A90411CBDA96F33E524D9C892BB8ADB630CE42110FF0DCC711701D4F1AC4449A92A441259BAE0414AF2"
2025-07-08 19:16:52 INFO [electron]   "get error https://api.ticktick.com/api/v2/user/profile"
2025-07-08 19:16:52 INFO [electron]   {"id":"67924d828728c1f735f85e55","platform":"electron","ver":"6020","channel":"website","os":"linux","osv":"","device":"Linux x64","name":"attia-arch","campaign":"","websocket":"","ctime":"2025-07-08T16:16:50.000+0000","atime":"2025-07-08T16:16:50.000+0000","userCode":"","hl":"en_US","tz":"Europe/Istanbul","locale":"en-US"}
2025-07-08 19:16:52 INFO [electron]   "fetch post begin https://xapi.ticktick.com/datacollect/event/push"
2025-07-08 19:16:52 INFO [electron]   "token 154BB8FE914467834833F2946151BC5899BA9265B20A654BECDAB01CFC34E1F106FFEB3EAA17B47D877A2C7890FF86E495935662DEB42823E988009E95A465F14207CACBFEA695CD8B52C6382DF7ACAB31A9E6921BFA9EC334C2F01754B953B682BEE463B1431075BC4DD36207DCA5A831A9E6921BFA9EC37CC4E0CF38B5EB97A14E5E9964C14A90411CBDA96F33E524D9C892BB8ADB630CE42110FF0DCC711701D4F1AC4449A92A441259BAE0414AF2"
2025-07-08 19:16:52 INFO [electron]   "get error https://api.ticktick.com/api/v2/user/status"
2025-07-08 19:16:52 INFO [electron]   "post error https://xapi.ticktick.com/datacollect/event/push"
2025-07-08 19:16:52 INFO [electron]   "globalUser {\"inboxId\":\"inbox125271920\",\"username\":\"mohamedattia.dev@gmail.com\",\"pro\":false,\"teamUser\":false,\"ds\":false,\"proEndDate\":\"1970-01-01T00:00:00.000+0000\",\"userId\":\"125271920\"}"
2025-07-08 19:16:52 INFO [electron]   "locale en_US"
2025-07-08 19:16:58 INFO [electron]   "main-dom-ready"
2025-07-08 19:19:20 INFO [electron]   "init store"
2025-07-08 19:19:20 INFO [electron]   "init request"
2025-07-08 19:19:20 INFO [electron]   "init i18n"
2025-07-08 19:19:20 INFO [electron]   {"updater":{"downloadUrl":"https://appest-public.s3.amazonaws.com/download/linux/","delay":2000,"interval":600000},"apk_version":"6.0.21","product_mode":true,"package_mode":false,"is_cn_site":false,"cdn_domain":"d107mjio2rjf74.cloudfront.net/web","site_domain":"ticktick.com","ex_api_domain":"ext.ticktick.com","api_domain":"api.ticktick.com","cookie_domain":".ticktick.com","protocol":"https://","help_domain":"help.ticktick.com","support_api_domain":"ticket.ticktick.com","deploy_path":"/task/src/main/webapp/static/deploy","version":"6020"}
2025-07-08 19:19:21 INFO [electron]   "timezone Europe/Istanbul"
2025-07-08 19:19:21 INFO [electron]   "date -180"
2025-07-08 19:19:21 INFO [electron]   {"platform":"electron","os":"linux","device":"Linux x64","name":"attia-arch","version":"6020","id":"67924d828728c1f735f85e55","channel":"website","campaign":"","websocket":""}
2025-07-08 19:19:21 INFO [electron]   "init main window"
2025-07-08 19:19:21 INFO [electron]   "init"
2025-07-08 19:19:21 INFO [electron]   "init menu"
2025-07-08 19:19:21 INFO [electron]   "init update service"
2025-07-08 19:19:21 INFO [electron]   "init notification"
2025-07-08 19:19:21 INFO [electron]   "init tray"
2025-07-08 19:19:21 INFO [electron]   "fetch get begin https://api.ticktick.com/api/v2/user/profile"
2025-07-08 19:19:21 INFO [electron]   "token 154BB8FE914467834833F2946151BC5899BA9265B20A654BECDAB01CFC34E1F106FFEB3EAA17B47D877A2C7890FF86E495935662DEB42823E988009E95A465F14207CACBFEA695CD8B52C6382DF7ACAB31A9E6921BFA9EC334C2F01754B953B682BEE463B1431075BC4DD36207DCA5A831A9E6921BFA9EC37CC4E0CF38B5EB97A14E5E9964C14A90411CBDA96F33E524D9C892BB8ADB630CE42110FF0DCC711701D4F1AC4449A92A441259BAE0414AF2"
2025-07-08 19:19:21 INFO [electron]   "token 154BB8FE914467834833F2946151BC5899BA9265B20A654BECDAB01CFC34E1F106FFEB3EAA17B47D877A2C7890FF86E495935662DEB42823E988009E95A465F14207CACBFEA695CD8B52C6382DF7ACAB31A9E6921BFA9EC334C2F01754B953B682BEE463B1431075BC4DD36207DCA5A831A9E6921BFA9EC37CC4E0CF38B5EB97A14E5E9964C14A90411CBDA96F33E524D9C892BB8ADB630CE42110FF0DCC711701D4F1AC4449A92A441259BAE0414AF2"
2025-07-08 19:19:22 INFO [electron]   "launchLogin main"
2025-07-08 19:19:22 INFO [electron]   "fetch get begin https://api.ticktick.com/api/v2/user/status"
2025-07-08 19:19:22 INFO [electron]   "token 154BB8FE914467834833F2946151BC5899BA9265B20A654BECDAB01CFC34E1F106FFEB3EAA17B47D877A2C7890FF86E495935662DEB42823E988009E95A465F14207CACBFEA695CD8B52C6382DF7ACAB31A9E6921BFA9EC334C2F01754B953B682BEE463B1431075BC4DD36207DCA5A831A9E6921BFA9EC37CC4E0CF38B5EB97A14E5E9964C14A90411CBDA96F33E524D9C892BB8ADB630CE42110FF0DCC711701D4F1AC4449A92A441259BAE0414AF2"
2025-07-08 19:19:23 INFO [electron]   "globalUser {\"inboxId\":\"inbox125271920\",\"username\":\"mohamedattia.dev@gmail.com\",\"pro\":false,\"teamUser\":false,\"ds\":false,\"proEndDate\":\"1970-01-01T00:00:00.000+0000\",\"userId\":\"125271920\"}"
2025-07-08 19:19:23 INFO [electron]   "locale en_US"
2025-07-08 19:19:23 INFO [electron]   "update userInfo {\"inboxId\":\"inbox125271920\",\"username\":\"mohamedattia.dev@gmail.com\",\"pro\":false,\"teamUser\":false,\"ds\":false,\"proEndDate\":\"1970-01-01T00:00:00.000+0000\",\"userId\":\"125271920\"}"
2025-07-08 19:19:23 INFO [electron]   {"id":"67924d828728c1f735f85e55","platform":"electron","ver":"6020","channel":"website","os":"linux","osv":"","device":"Linux x64","name":"attia-arch","campaign":"","websocket":"","ctime":"2025-07-08T16:19:21.000+0000","atime":"2025-07-08T16:19:21.000+0000","userCode":"b0e5b9ad9cbf45b8a109510a2bc7a518","hl":"en_US","tz":"Europe/Istanbul","locale":"en-US"}
2025-07-08 19:19:23 INFO [electron]   "fetch post begin https://xapi.ticktick.com/datacollect/event/push"
2025-07-08 19:19:23 INFO [electron]   "token 154BB8FE914467834833F2946151BC5899BA9265B20A654BECDAB01CFC34E1F106FFEB3EAA17B47D877A2C7890FF86E495935662DEB42823E988009E95A465F14207CACBFEA695CD8B52C6382DF7ACAB31A9E6921BFA9EC334C2F01754B953B682BEE463B1431075BC4DD36207DCA5A831A9E6921BFA9EC37CC4E0CF38B5EB97A14E5E9964C14A90411CBDA96F33E524D9C892BB8ADB630CE42110FF0DCC711701D4F1AC4449A92A441259BAE0414AF2"
2025-07-08 19:19:23 INFO [electron]   "get end https://api.ticktick.com/api/v2/user/profile"
2025-07-08 19:19:24 INFO [electron]   "get end https://api.ticktick.com/api/v2/user/status"
2025-07-08 19:19:25 INFO [electron]   "post end https://xapi.ticktick.com/datacollect/event/push"
2025-07-08 19:19:31 INFO [electron]   "main-dom-ready"
2025-07-08 19:19:34 INFO [electron]   "update check"
2025-07-08 19:19:34 INFO [electron]   "fetch getFile begin https://pull.ticktick.com/linux/release_note.json?timeStamp=1751991574979"
2025-07-08 19:19:36 INFO [electron]   "getFile end https://pull.ticktick.com/linux/release_note.json?timeStamp=1751991574979"
2025-07-08 19:22:55 INFO [electron]   "init store"
2025-07-08 19:22:55 INFO [electron]   "timezone Europe/Istanbul"
2025-07-08 19:22:55 INFO [electron]   "init request"
2025-07-08 19:22:55 INFO [electron]   "init i18n"
2025-07-08 19:22:55 INFO [electron]   {"updater":{"downloadUrl":"https://appest-public.s3.amazonaws.com/download/linux/","delay":2000,"interval":600000},"apk_version":"6.0.21","product_mode":true,"package_mode":false,"is_cn_site":false,"cdn_domain":"d107mjio2rjf74.cloudfront.net/web","site_domain":"ticktick.com","ex_api_domain":"ext.ticktick.com","api_domain":"api.ticktick.com","cookie_domain":".ticktick.com","protocol":"https://","help_domain":"help.ticktick.com","support_api_domain":"ticket.ticktick.com","deploy_path":"/task/src/main/webapp/static/deploy","version":"6020"}
2025-07-08 19:22:55 INFO [electron]   "date -180"
2025-07-08 19:22:55 INFO [electron]   {"platform":"electron","os":"linux","device":"Linux x64","name":"attia-arch","version":"6020","id":"67924d828728c1f735f85e55","channel":"website","campaign":"","websocket":""}
2025-07-08 19:22:55 INFO [electron]   "init main window"
2025-07-08 19:22:56 INFO [electron]   "init"
2025-07-08 19:22:56 INFO [electron]   "init menu"
2025-07-08 19:22:56 INFO [electron]   "init update service"
2025-07-08 19:22:56 INFO [electron]   "init notification"
2025-07-08 19:22:56 INFO [electron]   "init tray"
2025-07-08 19:22:56 INFO [electron]   "fetch get begin https://api.ticktick.com/api/v2/user/profile"
2025-07-08 19:22:56 INFO [electron]   "token 154BB8FE914467834833F2946151BC5899BA9265B20A654BECDAB01CFC34E1F106FFEB3EAA17B47D877A2C7890FF86E495935662DEB42823E988009E95A465F14207CACBFEA695CD8B52C6382DF7ACAB31A9E6921BFA9EC334C2F01754B953B682BEE463B1431075BC4DD36207DCA5A831A9E6921BFA9EC37CC4E0CF38B5EB97A14E5E9964C14A90411CBDA96F33E524D9C892BB8ADB630CE42110FF0DCC711701D4F1AC4449A92A441259BAE0414AF2"
2025-07-08 19:22:56 INFO [electron]   "token 154BB8FE914467834833F2946151BC5899BA9265B20A654BECDAB01CFC34E1F106FFEB3EAA17B47D877A2C7890FF86E495935662DEB42823E988009E95A465F14207CACBFEA695CD8B52C6382DF7ACAB31A9E6921BFA9EC334C2F01754B953B682BEE463B1431075BC4DD36207DCA5A831A9E6921BFA9EC37CC4E0CF38B5EB97A14E5E9964C14A90411CBDA96F33E524D9C892BB8ADB630CE42110FF0DCC711701D4F1AC4449A92A441259BAE0414AF2"
2025-07-08 19:22:56 INFO [electron]   "launchLogin main"
2025-07-08 19:22:56 INFO [electron]   "fetch get begin https://api.ticktick.com/api/v2/user/status"
2025-07-08 19:22:56 INFO [electron]   "token 154BB8FE914467834833F2946151BC5899BA9265B20A654BECDAB01CFC34E1F106FFEB3EAA17B47D877A2C7890FF86E495935662DEB42823E988009E95A465F14207CACBFEA695CD8B52C6382DF7ACAB31A9E6921BFA9EC334C2F01754B953B682BEE463B1431075BC4DD36207DCA5A831A9E6921BFA9EC37CC4E0CF38B5EB97A14E5E9964C14A90411CBDA96F33E524D9C892BB8ADB630CE42110FF0DCC711701D4F1AC4449A92A441259BAE0414AF2"
2025-07-08 19:22:57 INFO [electron]   "globalUser {\"inboxId\":\"inbox125271920\",\"username\":\"mohamedattia.dev@gmail.com\",\"pro\":false,\"teamUser\":false,\"ds\":false,\"proEndDate\":\"1970-01-01T00:00:00.000+0000\",\"userId\":\"125271920\"}"
2025-07-08 19:22:57 INFO [electron]   "locale en_US"
2025-07-08 19:23:01 INFO [electron]   "main-dom-ready"
2025-07-08 19:23:03 INFO [electron]   "update userInfo {\"inboxId\":\"inbox125271920\",\"username\":\"mohamedattia.dev@gmail.com\",\"pro\":false,\"teamUser\":false,\"ds\":false,\"proEndDate\":\"1970-01-01T00:00:00.000+0000\",\"userId\":\"125271920\"}"
2025-07-08 19:23:03 INFO [electron]   {"id":"67924d828728c1f735f85e55","platform":"electron","ver":"6020","channel":"website","os":"linux","osv":"","device":"Linux x64","name":"attia-arch","campaign":"","websocket":"","ctime":"2025-07-08T16:22:55.000+0000","atime":"2025-07-08T16:22:55.000+0000","userCode":"b0e5b9ad9cbf45b8a109510a2bc7a518","hl":"en_US","tz":"Europe/Istanbul","locale":"en-US"}
2025-07-08 19:23:03 INFO [electron]   "fetch post begin https://xapi.ticktick.com/datacollect/event/push"
2025-07-08 19:23:03 INFO [electron]   "token 154BB8FE914467834833F2946151BC5899BA9265B20A654BECDAB01CFC34E1F106FFEB3EAA17B47D877A2C7890FF86E495935662DEB42823E988009E95A465F14207CACBFEA695CD8B52C6382DF7ACAB31A9E6921BFA9EC334C2F01754B953B682BEE463B1431075BC4DD36207DCA5A831A9E6921BFA9EC37CC4E0CF38B5EB97A14E5E9964C14A90411CBDA96F33E524D9C892BB8ADB630CE42110FF0DCC711701D4F1AC4449A92A441259BAE0414AF2"
2025-07-08 19:23:03 INFO [electron]   "get end https://api.ticktick.com/api/v2/user/status"
2025-07-08 19:23:03 INFO [electron]   "get end https://api.ticktick.com/api/v2/user/profile"
2025-07-08 19:23:04 INFO [electron]   "post end https://xapi.ticktick.com/datacollect/event/push"
2025-07-08 19:23:05 INFO [electron]   "update check"
2025-07-08 19:23:05 INFO [electron]   "fetch getFile begin https://pull.ticktick.com/linux/release_note.json?timeStamp=1751991785023"
2025-07-08 19:23:06 INFO [electron]   "getFile end https://pull.ticktick.com/linux/release_note.json?timeStamp=1751991785023"
2025-07-08 19:24:45 INFO [electron]   "init store"
2025-07-08 19:24:46 INFO [electron]   "timezone Europe/Istanbul"
2025-07-08 19:24:46 INFO [electron]   "date -180"
2025-07-08 19:24:46 INFO [electron]   {"platform":"electron","os":"linux","device":"Linux x64","name":"attia-arch","version":"6020","id":"67924d828728c1f735f85e55","channel":"website","campaign":"","websocket":""}
2025-07-08 19:24:46 INFO [electron]   "init main window"
2025-07-08 19:24:46 INFO [electron]   "init"
2025-07-08 19:24:45 INFO [electron]   "init request"
2025-07-08 19:24:45 INFO [electron]   "init i18n"
2025-07-08 19:24:45 INFO [electron]   {"updater":{"downloadUrl":"https://appest-public.s3.amazonaws.com/download/linux/","delay":2000,"interval":600000},"apk_version":"6.0.21","product_mode":true,"package_mode":false,"is_cn_site":false,"cdn_domain":"d107mjio2rjf74.cloudfront.net/web","site_domain":"ticktick.com","ex_api_domain":"ext.ticktick.com","api_domain":"api.ticktick.com","cookie_domain":".ticktick.com","protocol":"https://","help_domain":"help.ticktick.com","support_api_domain":"ticket.ticktick.com","deploy_path":"/task/src/main/webapp/static/deploy","version":"6020"}
2025-07-08 19:24:46 INFO [electron]   "init menu"
2025-07-08 19:24:46 INFO [electron]   "init update service"
2025-07-08 19:24:46 INFO [electron]   "init notification"
2025-07-08 19:24:46 INFO [electron]   "init tray"
2025-07-08 19:24:46 INFO [electron]   "fetch get begin https://api.ticktick.com/api/v2/user/profile"
2025-07-08 19:24:46 INFO [electron]   "token 154BB8FE914467834833F2946151BC5899BA9265B20A654BECDAB01CFC34E1F106FFEB3EAA17B47D877A2C7890FF86E495935662DEB42823E988009E95A465F14207CACBFEA695CD8B52C6382DF7ACAB31A9E6921BFA9EC334C2F01754B953B682BEE463B1431075BC4DD36207DCA5A831A9E6921BFA9EC37CC4E0CF38B5EB97A14E5E9964C14A90411CBDA96F33E524D9C892BB8ADB630CE42110FF0DCC711701D4F1AC4449A92A441259BAE0414AF2"
2025-07-08 19:24:46 INFO [electron]   "token 154BB8FE914467834833F2946151BC5899BA9265B20A654BECDAB01CFC34E1F106FFEB3EAA17B47D877A2C7890FF86E495935662DEB42823E988009E95A465F14207CACBFEA695CD8B52C6382DF7ACAB31A9E6921BFA9EC334C2F01754B953B682BEE463B1431075BC4DD36207DCA5A831A9E6921BFA9EC37CC4E0CF38B5EB97A14E5E9964C14A90411CBDA96F33E524D9C892BB8ADB630CE42110FF0DCC711701D4F1AC4449A92A441259BAE0414AF2"
2025-07-08 19:24:47 INFO [electron]   "launchLogin main"
2025-07-08 19:24:47 INFO [electron]   "fetch get begin https://api.ticktick.com/api/v2/user/status"
2025-07-08 19:24:47 INFO [electron]   "token 154BB8FE914467834833F2946151BC5899BA9265B20A654BECDAB01CFC34E1F106FFEB3EAA17B47D877A2C7890FF86E495935662DEB42823E988009E95A465F14207CACBFEA695CD8B52C6382DF7ACAB31A9E6921BFA9EC334C2F01754B953B682BEE463B1431075BC4DD36207DCA5A831A9E6921BFA9EC37CC4E0CF38B5EB97A14E5E9964C14A90411CBDA96F33E524D9C892BB8ADB630CE42110FF0DCC711701D4F1AC4449A92A441259BAE0414AF2"
2025-07-08 19:24:48 INFO [electron]   "globalUser {\"inboxId\":\"inbox125271920\",\"username\":\"mohamedattia.dev@gmail.com\",\"pro\":false,\"teamUser\":false,\"ds\":false,\"proEndDate\":\"1970-01-01T00:00:00.000+0000\",\"userId\":\"125271920\"}"
2025-07-08 19:24:48 INFO [electron]   "locale en_US"
2025-07-08 19:24:49 INFO [electron]   {"id":"67924d828728c1f735f85e55","platform":"electron","ver":"6020","channel":"website","os":"linux","osv":"","device":"Linux x64","name":"attia-arch","campaign":"","websocket":"","ctime":"2025-07-08T16:24:46.000+0000","atime":"2025-07-08T16:24:46.000+0000","userCode":"b0e5b9ad9cbf45b8a109510a2bc7a518","hl":"en_US","tz":"Europe/Istanbul","locale":"en-US"}
2025-07-08 19:24:49 INFO [electron]   "fetch post begin https://xapi.ticktick.com/datacollect/event/push"
2025-07-08 19:24:49 INFO [electron]   "token 154BB8FE914467834833F2946151BC5899BA9265B20A654BECDAB01CFC34E1F106FFEB3EAA17B47D877A2C7890FF86E495935662DEB42823E988009E95A465F14207CACBFEA695CD8B52C6382DF7ACAB31A9E6921BFA9EC334C2F01754B953B682BEE463B1431075BC4DD36207DCA5A831A9E6921BFA9EC37CC4E0CF38B5EB97A14E5E9964C14A90411CBDA96F33E524D9C892BB8ADB630CE42110FF0DCC711701D4F1AC4449A92A441259BAE0414AF2"
2025-07-08 19:24:49 INFO [electron]   "get end https://api.ticktick.com/api/v2/user/profile"
2025-07-08 19:24:49 INFO [electron]   "update userInfo {\"inboxId\":\"inbox125271920\",\"username\":\"mohamedattia.dev@gmail.com\",\"pro\":false,\"teamUser\":false,\"ds\":false,\"proEndDate\":\"1970-01-01T00:00:00.000+0000\",\"userId\":\"125271920\"}"
2025-07-08 19:24:49 INFO [electron]   "get end https://api.ticktick.com/api/v2/user/status"
2025-07-08 19:24:50 INFO [electron]   "post end https://xapi.ticktick.com/datacollect/event/push"
2025-07-08 19:24:54 INFO [electron]   "main-dom-ready"
2025-07-08 19:24:56 INFO [electron]   "update check"
2025-07-08 19:24:56 INFO [electron]   "fetch getFile begin https://pull.ticktick.com/linux/release_note.json?timeStamp=1751991896849"
2025-07-08 19:24:57 INFO [electron]   "getFile end https://pull.ticktick.com/linux/release_note.json?timeStamp=1751991896849"
